<!DOCTYPE html>
<html sg-view="tekgenesis.service.html.Views" sg-params="text:String, number:Int, decimal:Decimal, bool:Boolean, list:String*">
<head>
    <title>Parameters examples</title>
</head>
<body>

<div>Text: ñandú</div>
<div>Number: 2</div>
<div>Decimal: 1.123</div>
<div>Currency: $1.12</div>
<div>Bool: true</div>


<div>Bool Condition: true</div>
<div>Bool Inverse Condition: </div>
<div>String list: one, two, three</div>

</body>
</html>
