<!DOCTYPE html>
<html sui-scope="/html/sui-messages.xhtml/0">
    <head>
    </head>
    <body>
    
<script class="suiScopesCache">
//<![CDATA[
var suiScopesCache = {"/html/sui-messages.xhtml/0":{"quotes":{"JOBS":"Stay hungry, stay foolish.","PLATO":"Life must be lived as play.","DALAI":"Be kind whenever possible. It is always possible."}}};
//]]>
</script>
</body>
</html>